// Jest Snapshot v1, https://goo.gl/fbAQLP

exports[`Home renders homepage unchanged 1`] = `
<div>
  <div
    class=""
  >
    <h1
      class="text-3xl font-bold underline"
    >
      Hello world!
    </h1>
    <footer
      class=""
    />
  </div>
</div>
`;
